// Vitest Snapshot v1

exports[`Header Component > Should render correctly modal component 1`] = `
<form
  class="w-full flex flex-col mt-6"
>
  <label
    class="font-semibold leading-tight"
    for="title"
  >
    Qual seu comprometimento
  </label>
  <input
    class="p-4 rounded-lg mt-3 bg-zinc-800 text-white placeholder:text-zinc-400"
    id="title"
    placeholder="Exercícios, dormir bem, etc..."
    type="text"
  />
  <label
    class="font-semibold leading-tight mt-4"
    for=""
  >
    Qual a recorrência?
  </label>
  <button
    class="mt-6 rounded-lg p-4 flex items-center justify-center gap-3 font-semibold bg-green-600 hover:bg-green-500"
    type="submit"
  >
    <svg
      fill="currentColor"
      height="20"
      viewBox="0 0 256 256"
      width="20"
      xmlns="http://www.w3.org/2000/svg"
    >
      <rect
        fill="none"
        height="256"
        width="256"
      />
      <polyline
        fill="none"
        points="216 72 104 184 48 128"
        stroke="currentColor"
        stroke-linecap="round"
        stroke-linejoin="round"
        stroke-width="24"
      />
    </svg>
    Confirmar
  </button>
</form>
`;
