// Vitest Snapshot v1

exports[`Header Component > Should render correctly modal component 1`] = `
<button
  aria-controls="radix-:r0:"
  aria-expanded="false"
  aria-haspopup="dialog"
  class="border border-violet-500 font-semibold rounded-lg px-6 py-4 flex items-center gap-3 hover:border-violet-300"
  data-state="closed"
  type="button"
>
  <svg
    class="text-violet-500"
    fill="currentColor"
    height="20"
    viewBox="0 0 256 256"
    width="20"
    xmlns="http://www.w3.org/2000/svg"
  >
    <rect
      fill="none"
      height="256"
      width="256"
    />
    <line
      fill="none"
      stroke="currentColor"
      stroke-linecap="round"
      stroke-linejoin="round"
      stroke-width="16"
      x1="40"
      x2="216"
      y1="128"
      y2="128"
    />
    <line
      fill="none"
      stroke="currentColor"
      stroke-linecap="round"
      stroke-linejoin="round"
      stroke-width="16"
      x1="128"
      x2="128"
      y1="40"
      y2="216"
    />
  </svg>
  Novo h√°bito
</button>
`;
