// Vitest Snapshot v1

exports[`HabitProgressBar Component > Should render correctly HabitProgressBar component 1`] = `
<div
  class="h-3 rounded-xl bg-zinc-700 w-full mt-4"
>
  <div
    aria-label="Progresso de hÃ¡bitos completados nesse dia"
    aria-valuenow="75"
    class="h-3 rounded-xl bg-violet-600 w-3/4"
    role="progressbar"
    style="width: 75%;"
  />
</div>
`;
